// Jest Snapshot v1, https://goo.gl/fbAQLP

exports[`PrivateRoute correctly renders after relaunch 1`] = `<div />`;
