// Jest Snapshot v1, https://goo.gl/fbAQLP

exports[`Card correctly renders after relaunch 1`] = `
<article
  className="small-movie-card catalog__movies-card"
  onClick={[MockFunction]}
  onMouseLeave={[MockFunction]}
  onMouseOver={[MockFunction]}
>
  <div
    className="small-movie-card__image"
  >
    <video
      className="player__video"
      controls={false}
      height="175"
      loop={true}
      muted={true}
      poster="https://es31-server.appspot.com/wtw/static/film/preview/shutter-island.jpg"
      src="https://download.blender.org/durian/trailer/sintel_trailer-480p.mp4"
      width="280"
    />
    <h3
      className="small-movie-card__title"
    >
      <a
        className="small-movie-card__link"
        href="/film/1"
        onClick={[Function]}
      >
        Shutter Island
      </a>
    </h3>
  </div>
</article>
`;
