// Jest Snapshot v1, https://goo.gl/fbAQLP

exports[`VideoScreen correctly renders after relaunch 1`] = `
<div
  className="player"
  style={
    Object {
      "background": "url(https://es31-server.appspot.com/wtw/static/film/background/Shutter_Island.jpg) no-repeat center center fixed",
      "backgroundSize": "cover",
      "zIndex": "100",
    }
  }
>
  <video
    className="player__video"
    controls={false}
    height="100%"
    loop={false}
    muted={false}
    poster="https://es31-server.appspot.com/wtw/static/film/background/Shutter_Island.jpg"
    src="http://peach.themazzone.com/durian/movies/sintel-1024-surround.mp4"
    width="100%"
  />
  <button
    className="player__exit"
    onClick={
      [MockFunction] {
        "calls": Array [
          Array [
            null,
          ],
          Array [
            null,
          ],
        ],
        "results": Array [
          Object {
            "type": "return",
            "value": undefined,
          },
          Object {
            "type": "return",
            "value": undefined,
          },
        ],
      }
    }
    type="button"
  >
    Exit
  </button>
  <div
    className="player__controls"
  >
    <div
      className="player__controls-row"
    >
      <div
        className="player__time"
      >
        <progress
          className="player__progress"
          max="100"
          value={0}
        />
        <div
          className="player__toggler"
          style={
            Object {
              "left": "0%",
            }
          }
        >
          Toggler
        </div>
      </div>
      <div
        className="player__time-value"
      >
        00:00
      </div>
    </div>
    <div
      className="player__controls-row"
    >
      <button
        className="player__play"
        onClick={
          [MockFunction] {
            "calls": Array [
              Array [
                null,
              ],
              Array [
                null,
              ],
            ],
            "results": Array [
              Object {
                "type": "return",
                "value": undefined,
              },
              Object {
                "type": "return",
                "value": undefined,
              },
            ],
          }
        }
        type="button"
      >
        <svg
          height="19"
          viewBox="0 0 19 19"
          width="19"
        >
          <use
            xlinkHref="#play-s"
          />
        </svg>
        <span>
          Play
        </span>
      </button>
      <div
        className="player__name"
      >
        Transpotting
      </div>
      <button
        className="player__full-screen"
        onClick={
          [MockFunction] {
            "calls": Array [
              Array [
                null,
              ],
              Array [
                null,
              ],
            ],
            "results": Array [
              Object {
                "type": "return",
                "value": undefined,
              },
              Object {
                "type": "return",
                "value": undefined,
              },
            ],
          }
        }
        type="button"
      >
        <svg
          height="27"
          viewBox="0 0 27 27"
          width="27"
        >
          <use
            xlinkHref="#full-screen"
          />
        </svg>
        <span>
          Full screen
        </span>
      </button>
    </div>
  </div>
</div>
`;
