// Jest Snapshot v1, https://goo.gl/fbAQLP

exports[`FilmOverview correctly renders after relaunch 1`] = `
Array [
  <div
    className="movie-rating"
  >
    <div
      className="movie-rating__score"
    >
      8,1
    </div>
    <p
      className="movie-rating__meta"
    >
      <span
        className="movie-rating__level"
      >
        Very good
      </span>
      <span
        className="movie-rating__count"
      >
        1002557
         ratings
      </span>
    </p>
  </div>,
  <div
    className="movie-card__text"
  >
    <p>
      In 1954, a U.S. Marshal investigates the disappearance of a murderer, who escaped from a hospital for the criminally insane.
    </p>
    <p
      className="movie-card__director"
    >
      <strong>
        Director: 
        Martin Scorsese
      </strong>
    </p>
    <p
      className="movie-card__starring"
    >
      <strong>
        Starring:
        
         
        Mark Ruffalo
      </strong>
    </p>
  </div>,
]
`;
