// Jest Snapshot v1, https://goo.gl/fbAQLP

exports[`FilmButtonDiv correctly renders after relaunch 1`] = `
<div
  className="movie-card__buttons"
>
  <button
    className="btn btn--play movie-card__button"
    onClick={[Function]}
    type="button"
  >
    <svg
      height="19"
      viewBox="0 0 19 19"
      width="19"
    >
      <use
        xlinkHref="#play-s"
      />
    </svg>
    <span>
      Play
    </span>
  </button>
  <a
    className="btn btn--list movie-card__button"
    href="/login"
    onClick={[Function]}
  >
    <svg
      height="20"
      viewBox="0 0 19 20"
      width="19"
    >
      <use
        xlinkHref="#add"
      />
    </svg>
    <span>
      My list
    </span>
  </a>
</div>
`;
