// Jest Snapshot v1, https://goo.gl/fbAQLP

exports[`Filter correctly renders after relaunch 1`] = `
<ul
  className="catalog__genres-list"
>
  <li
    className="catalog__genres-item catalog__genres-item--active"
    key="0"
  >
    <a
      className="catalog__genres-link"
      onClick={[Function]}
    >
      All genres
    </a>
  </li>
  <li
    className="catalog__genres-item"
    key="1"
  >
    <a
      className="catalog__genres-link"
      onClick={[Function]}
    >
      Thriller
    </a>
  </li>
  <li
    className="catalog__genres-item"
    key="2"
  >
    <a
      className="catalog__genres-link"
      onClick={[Function]}
    >
      Drama
    </a>
  </li>
  <li
    className="catalog__genres-item"
    key="3"
  >
    <a
      className="catalog__genres-link"
      onClick={[Function]}
    >
      Adventure
    </a>
  </li>
  <li
    className="catalog__genres-item"
    key="4"
  >
    <a
      className="catalog__genres-link"
      onClick={[Function]}
    >
      Comedy
    </a>
  </li>
  <li
    className="catalog__genres-item"
    key="5"
  >
    <a
      className="catalog__genres-link"
      onClick={[Function]}
    >
      Crime
    </a>
  </li>
  <li
    className="catalog__genres-item"
    key="6"
  >
    <a
      className="catalog__genres-link"
      onClick={[Function]}
    >
      Action
    </a>
  </li>
  <li
    className="catalog__genres-item"
    key="7"
  >
    <a
      className="catalog__genres-link"
      onClick={[Function]}
    >
      Fantasy
    </a>
  </li>
</ul>
`;
