// Jest Snapshot v1, https://goo.gl/fbAQLP

exports[`PageSignIn correctly renders after relaunch 1`] = `
<ContextProvider
  value={
    Object {
      "store": Object {
        "dispatch": [Function],
        "getState": [Function],
        "replaceReducer": [Function],
        "subscribe": [Function],
        Symbol(observable): [Function],
      },
      "subscription": Subscription {
        "handleChangeWrapper": [Function],
        "listeners": Object {
          "clear": [Function],
          "get": [Function],
          "notify": [Function],
          "subscribe": [Function],
        },
        "onStateChange": [Function],
        "parentSub": undefined,
        "store": Object {
          "dispatch": [Function],
          "getState": [Function],
          "replaceReducer": [Function],
          "subscribe": [Function],
          Symbol(observable): [Function],
        },
        "unsubscribe": [Function],
      },
    }
  }
>
  <BrowserRouter>
    <PageSignIn
      email=""
      formErrors={Object {}}
      formValid={false}
      onChangeUserInput={[MockFunction]}
      onClickSubmit={[MockFunction]}
      password=""
    />
  </BrowserRouter>
</ContextProvider>
`;
